******************************************************************************
                  TI ARM Linker PC v18.1.4                     
******************************************************************************
>> Linked Tue May 11 12:23:20 2021

OUTPUT FILE NAME:   <SPI_ESCLAVO.out>
ENTRY POINT SYMBOL: "_c_int00_noargs"  address: 00000725


MEMORY CONFIGURATION

         name            origin    length      used     unused   attr    fill
----------------------  --------  ---------  --------  --------  ----  --------
  FLASH                 00000000   00100000  000007c0  000ff840  R  X
  SRAM                  20000000   00040000  00000205  0003fdfb  RW X


SEGMENT ALLOCATION MAP

run origin  load origin   length   init length attrs members
----------  ----------- ---------- ----------- ----- -------
00000000    00000000    000007c0   000007c0    r-x
  00000000    00000000    00000208   00000208    r-- .intvecs
  00000208    00000208    00000588   00000588    r-x .text
  00000790    00000790    00000030   00000030    r-- .cinit
20000000    20000000    00000205   00000000    rw-
  20000000    20000000    00000200   00000000    rw- .stack
  20000200    20000200    00000004   00000000    rw- .bss
  20000204    20000204    00000001   00000000    rw- .data


SECTION ALLOCATION MAP

 output                                  attributes/
section   page    origin      length       input sections
--------  ----  ----------  ----------   ----------------
.intvecs   0    00000000    00000208     
                  00000000    00000208     tm4c1294ncpdt_startup_ccs.obj (.intvecs)

.text      0    00000208    00000588     
                  00000208    000003d4     main.obj (.text)
                  000005dc    0000009c     rtsv7M4_T_le_v4SPD16_eabi.lib : memcpy_t2.asm.obj (.text)
                  00000678    00000068                                   : copy_decompress_lzss.c.obj (.text:decompress:lzss:__TI_decompress_lzss)
                  000006e0    00000044                                   : autoinit.c.obj (.text:__TI_auto_init_nobinit_nopinit:__TI_auto_init_nobinit_nopinit)
                  00000724    00000038                                   : boot_cortex_m.c.obj (.text:_c_int00_noargs:_c_int00_noargs)
                  0000075c    00000012                                   : copy_zero_init.c.obj (.text:decompress:ZI:__TI_zero_init_nomemset:__TI_zero_init_nomemset)
                  0000076e    0000000e                                   : copy_decompress_none.c.obj (.text:decompress:none:__TI_decompress_none)
                  0000077c    0000000c     tm4c1294ncpdt_startup_ccs.obj (.text)
                  00000788    00000004     rtsv7M4_T_le_v4SPD16_eabi.lib : pre_init.c.obj (.text:_system_pre_init)
                  0000078c    00000004                                   : exit.c.obj (.text:abort:abort)

.cinit     0    00000790    00000030     
                  00000790    0000000c     (__TI_handler_table)
                  0000079c    00000004     --HOLE-- [fill = 0]
                  000007a0    00000008     (.cinit..bss.load) [load image, compression = zero_init]
                  000007a8    00000005     (.cinit..data.load) [load image, compression = lzss]
                  000007ad    00000003     --HOLE-- [fill = 0]
                  000007b0    00000010     (__TI_cinit_table)

.init_array 
*          0    00000000    00000000     UNINITIALIZED

.bss       0    20000200    00000004     UNINITIALIZED
                  20000200    00000004     (.common:cont)

.data      0    20000204    00000001     UNINITIALIZED
                  20000204    00000001     main.obj (.data)

.stack     0    20000000    00000200     UNINITIALIZED
                  20000000    00000004     rtsv7M4_T_le_v4SPD16_eabi.lib : boot_cortex_m.c.obj (.stack)
                  20000004    000001fc     --HOLE--

MODULE SUMMARY

       Module                          code   ro data   rw data
       ------                          ----   -------   -------
    .\
       main.obj                        980    0         5      
       tm4c1294ncpdt_startup_ccs.obj   12     520       0      
    +--+-------------------------------+------+---------+---------+
       Total:                          992    520       5      
                                                               
    C:\ti\ccsv8\tools\compiler\ti-cgt-arm_18.1.4.LTS\lib\rtsv7M4_T_le_v4SPD16_eabi.lib
       memcpy_t2.asm.obj               156    0         0      
       copy_decompress_lzss.c.obj      104    0         0      
       autoinit.c.obj                  68     0         0      
       boot_cortex_m.c.obj             56     0         0      
       copy_zero_init.c.obj            18     0         0      
       copy_decompress_none.c.obj      14     0         0      
       exit.c.obj                      4      0         0      
       pre_init.c.obj                  4      0         0      
    +--+-------------------------------+------+---------+---------+
       Total:                          424    0         0      
                                                               
       Stack:                          0      0         512    
       Linker Generated:               0      41        0      
    +--+-------------------------------+------+---------+---------+
       Grand Total:                    1416   561       517    


LINKER GENERATED COPY TABLES

__TI_cinit_table @ 000007b0 records: 2, size/record: 8, table size: 16
	.bss: load addr=000007a0, load size=00000008 bytes, run addr=20000200, run size=00000004 bytes, compression=zero_init
	.data: load addr=000007a8, load size=00000005 bytes, run addr=20000204, run size=00000001 bytes, compression=lzss


LINKER GENERATED HANDLER TABLE

__TI_handler_table @ 00000790 records: 3, size/record: 4, table size: 12
	index: 0, handler: __TI_decompress_lzss
	index: 1, handler: __TI_decompress_none
	index: 2, handler: __TI_zero_init


GLOBAL SYMBOLS: SORTED ALPHABETICALLY BY Name 

address   name                          
-------   ----                          
0000078d  C$$EXIT                       
0000077d  ResetISR                      
20000200  __STACK_END                   
00000200  __STACK_SIZE                  
20000200  __STACK_TOP                   
000007b0  __TI_CINIT_Base               
000007c0  __TI_CINIT_Limit              
00000790  __TI_Handler_Table_Base       
0000079c  __TI_Handler_Table_Limit      
000006e1  __TI_auto_init_nobinit_nopinit
00000679  __TI_decompress_lzss          
0000076f  __TI_decompress_none          
ffffffff  __TI_pprof_out_hndl           
ffffffff  __TI_prof_data_size           
ffffffff  __TI_prof_data_start          
00000000  __TI_static_base__            
0000075d  __TI_zero_init_nomemset       
000005dd  __aeabi_memcpy                
000005dd  __aeabi_memcpy4               
000005dd  __aeabi_memcpy8               
ffffffff  __binit__                     
ffffffff  __c_args__                    
UNDEFED   __mpu_init                    
20000000  __stack                       
00000725  _c_int00_noargs               
UNDEFED   _system_post_cinit            
00000789  _system_pre_init              
0000078d  abort                         
ffffffff  binit                         
00000571  configurarInt                 
0000052b  configurarLeds                
20000200  cont                          
20000204  datoRx                        
00000000  g_pfnVectors                  
00000209  main                          
00000599  manejadorInt                  
000005dd  memcpy                        


GLOBAL SYMBOLS: SORTED BY Symbol Address 

address   name                          
-------   ----                          
00000000  __TI_static_base__            
00000000  g_pfnVectors                  
00000200  __STACK_SIZE                  
00000209  main                          
0000052b  configurarLeds                
00000571  configurarInt                 
00000599  manejadorInt                  
000005dd  __aeabi_memcpy                
000005dd  __aeabi_memcpy4               
000005dd  __aeabi_memcpy8               
000005dd  memcpy                        
00000679  __TI_decompress_lzss          
000006e1  __TI_auto_init_nobinit_nopinit
00000725  _c_int00_noargs               
0000075d  __TI_zero_init_nomemset       
0000076f  __TI_decompress_none          
0000077d  ResetISR                      
00000789  _system_pre_init              
0000078d  C$$EXIT                       
0000078d  abort                         
00000790  __TI_Handler_Table_Base       
0000079c  __TI_Handler_Table_Limit      
000007b0  __TI_CINIT_Base               
000007c0  __TI_CINIT_Limit              
20000000  __stack                       
20000200  __STACK_END                   
20000200  __STACK_TOP                   
20000200  cont                          
20000204  datoRx                        
ffffffff  __TI_pprof_out_hndl           
ffffffff  __TI_prof_data_size           
ffffffff  __TI_prof_data_start          
ffffffff  __binit__                     
ffffffff  __c_args__                    
ffffffff  binit                         
UNDEFED   __mpu_init                    
UNDEFED   _system_post_cinit            

[37 symbols]
